121.42.0.75 - - [13/May/2016:06:19:27 +0800] "GET /cn/static/img/xinxinran.png HTTP/1.1" 200 13497 "http://www.yxgames.cn/cn/static/img/xinxinran.png" "Mozilla/5.0 (Macintosh; Intel Mac OS X 10.11; rv:41.0) Gecko/20100101 Firefox/41.0"
121.42.0.75 - - [13/May/2016:06:19:27 +0800] "GET /cn/static/img/logo.png HTTP/1.1" 200 29740 "http://www.yxgames.cn/cn/static/img/logo.png" "Mozilla/5.0 (Macintosh; Intel Mac OS X 10.11; rv:41.0) Gecko/20100101 Firefox/41.0"
121.42.0.75 - - [13/May/2016:06:19:27 +0800] "GET /cn/static/img/dog-two.jpg HTTP/1.1" 200 97281 "http://www.yxgames.cn/cn/static/img/dog-two.jpg" "Mozilla/5.0 (Macintosh; Intel Mac OS X 10.11; rv:41.0) Gecko/20100101 Firefox/41.0"
121.42.0.75 - - [13/May/2016:06:19:27 +0800] "GET /cn/static/img/dog.jpg HTTP/1.1" 200 145841 "http://www.yxgames.cn/cn/static/img/dog.jpg" "Mozilla/5.0 (Macintosh; Intel Mac OS X 10.11; rv:41.0) Gecko/20100101 Firefox/41.0"
121.42.0.75 - - [13/May/2016:06:19:27 +0800] "GET /cn/static/img/cat.jpg HTTP/1.1" 200 89646 "http://www.yxgames.cn/cn/static/img/cat.jpg" "Mozilla/5.0 (Macintosh; Intel Mac OS X 10.11; rv:41.0) Gecko/20100101 Firefox/41.0"
121.42.0.75 - - [13/May/2016:06:19:27 +0800] "GET /cn/static/img/oval_left.png HTTP/1.1" 200 3285 "http://www.yxgames.cn/cn/static/img/oval_left.png" "Mozilla/5.0 (Macintosh; Intel Mac OS X 10.11; rv:41.0) Gecko/20100101 Firefox/41.0"
121.42.0.75 - - [13/May/2016:06:19:27 +0800] "GET /cn/static/img/oval_right.png HTTP/1.1" 200 3332 "http://www.yxgames.cn/cn/static/img/oval_right.png" "Mozilla/5.0 (Macintosh; Intel Mac OS X 10.11; rv:41.0) Gecko/20100101 Firefox/41.0"
121.42.0.75 - - [13/May/2016:06:19:27 +0800] "GET /cn/static/img/card_dog_two.png HTTP/1.1" 200 154597 "http://www.yxgames.cn/cn/static/img/card_dog_two.png" "Mozilla/5.0 (Macintosh; Intel Mac OS X 10.11; rv:41.0) Gecko/20100101 Firefox/41.0"
121.42.0.75 - - [13/May/2016:06:19:27 +0800] "GET /cn/static/img/card_dog.png HTTP/1.1" 200 181293 "http://www.yxgames.cn/cn/static/img/card_dog.png" "Mozilla/5.0 (Macintosh; Intel Mac OS X 10.11; rv:41.0) Gecko/20100101 Firefox/41.0"
121.42.0.75 - - [13/May/2016:06:19:27 +0800] "GET /cn/static/img/xinxinran.png HTTP/1.1" 200 13497 "http://yxgames.cn/cn/static/img/xinxinran.png" "Mozilla/5.0 (Macintosh; Intel Mac OS X 10.11; rv:41.0) Gecko/20100101 Firefox/41.0"
121.42.0.75 - - [13/May/2016:06:19:27 +0800] "GET /cn/static/img/card_cat.png HTTP/1.1" 200 147849 "http://www.yxgames.cn/cn/static/img/card_cat.png" "Mozilla/5.0 (Macintosh; Intel Mac OS X 10.11; rv:41.0) Gecko/20100101 Firefox/41.0"
121.42.0.75 - - [13/May/2016:06:19:28 +0800] "GET /cn/static/img/logo.png HTTP/1.1" 200 29740 "http://yxgames.cn/cn/static/img/logo.png" "Mozilla/5.0 (Macintosh; Intel Mac OS X 10.11; rv:41.0) Gecko/20100101 Firefox/41.0"
121.42.0.75 - - [13/May/2016:06:19:28 +0800] "GET /cn/static/img/dog-two.jpg HTTP/1.1" 200 97281 "http://yxgames.cn/cn/static/img/dog-two.jpg" "Mozilla/5.0 (Macintosh; Intel Mac OS X 10.11; rv:41.0) Gecko/20100101 Firefox/41.0"
121.42.0.75 - - [13/May/2016:06:19:28 +0800] "GET /cn/static/img/oval_left.png HTTP/1.1" 200 3285 "http://yxgames.cn/cn/static/img/oval_left.png" "Mozilla/5.0 (Macintosh; Intel Mac OS X 10.11; rv:41.0) Gecko/20100101 Firefox/41.0"
121.42.0.75 - - [13/May/2016:06:19:28 +0800] "GET /cn/static/img/oval_right.png HTTP/1.1" 200 3332 "http://yxgames.cn/cn/static/img/oval_right.png" "Mozilla/5.0 (Macintosh; Intel Mac OS X 10.11; rv:41.0) Gecko/20100101 Firefox/41.0"
121.42.0.75 - - [13/May/2016:06:19:28 +0800] "GET /cn/static/img/cat.jpg HTTP/1.1" 200 89646 "http://yxgames.cn/cn/static/img/cat.jpg" "Mozilla/5.0 (Macintosh; Intel Mac OS X 10.11; rv:41.0) Gecko/20100101 Firefox/41.0"
121.42.0.75 - - [13/May/2016:06:19:28 +0800] "GET /cn/static/img/dog.jpg HTTP/1.1" 200 145841 "http://yxgames.cn/cn/static/img/dog.jpg" "Mozilla/5.0 (Macintosh; Intel Mac OS X 10.11; rv:41.0) Gecko/20100101 Firefox/41.0"
121.42.0.75 - - [13/May/2016:06:19:29 +0800] "GET /cn/static/img/card_cat.png HTTP/1.1" 200 147849 "http://yxgames.cn/cn/static/img/card_cat.png" "Mozilla/5.0 (Macintosh; Intel Mac OS X 10.11; rv:41.0) Gecko/20100101 Firefox/41.0"
121.42.0.75 - - [13/May/2016:06:19:29 +0800] "GET /cn/static/img/card_dog.png HTTP/1.1" 200 181293 "http://yxgames.cn/cn/static/img/card_dog.png" "Mozilla/5.0 (Macintosh; Intel Mac OS X 10.11; rv:41.0) Gecko/20100101 Firefox/41.0"
121.42.0.75 - - [13/May/2016:06:19:29 +0800] "GET /cn/static/img/card_dog_two.png HTTP/1.1" 200 154597 "http://yxgames.cn/cn/static/img/card_dog_two.png" "Mozilla/5.0 (Macintosh; Intel Mac OS X 10.11; rv:41.0) Gecko/20100101 Firefox/41.0"
218.241.98.202 - - [13/May/2016:06:30:34 +0800] "GET / HTTP/1.1" 302 160 "-" "libwww-perl/5.834"
218.241.98.202 - - [13/May/2016:06:30:34 +0800] "GET /cn/ HTTP/1.1" 200 5823 "-" "libwww-perl/5.834"
58.217.192.54 - - [13/May/2016:15:19:19 +0800] "GET / HTTP/1.1" 302 160 "-" "Mozilla/5.0 (Windows NT 6.1) AppleWebKit/537.36 (KHTML, like Gecko) Chrome/35.0.1916.153 Safari/537.36"
180.158.112.234 - - [13/May/2016:20:33:25 +0800] "GET /cn/ HTTP/1.1" 200 2115 "-" "Java/1.7.0_80"
180.158.112.234 - - [13/May/2016:20:33:25 +0800] "GET / HTTP/1.1" 302 160 "-" "Java/1.7.0_80"
183.60.35.94 - - [14/May/2016:00:20:53 +0800] "GET / HTTP/1.1" 302 160 "-" "Mozilla/5.0 (Linux; U; Android 4.4.2; zh-cn; GT-I9500 Build/KOT49H) AppleWebKit/537.36 (KHTML, like Gecko)Version/4.0 MQQBrowser/5.0 QQ-URL-Manager Mobile Safari/537.36"
183.60.35.94 - - [14/May/2016:00:20:53 +0800] "GET /cn/ HTTP/1.1" 200 5823 "-" "Mozilla/5.0 (Linux; U; Android 4.4.2; zh-cn; GT-I9500 Build/KOT49H) AppleWebKit/537.36 (KHTML, like Gecko)Version/4.0 MQQBrowser/5.0 QQ-URL-Manager Mobile Safari/537.36"
183.60.35.94 - - [14/May/2016:00:21:21 +0800] "GET /cn/static/js/header.js?v=102 HTTP/1.1" 200 221 "http://yxgames.cn/cn/static/js/header.js?v=102" "Mozilla/5.0 (Linux; U; Android 4.4.2; zh-cn; GT-I9500 Build/KOT49H) AppleWebKit/537.36 (KHTML, like Gecko)Version/4.0 MQQBrowser/5.0 QQ-URL-Manager Mobile Safari/537.36"
183.60.35.94 - - [14/May/2016:00:21:21 +0800] "GET /cn/static/js/bplayer.js HTTP/1.1" 200 1381 "http://yxgames.cn/cn/static/js/bplayer.js" "Mozilla/5.0 (Linux; U; Android 4.4.2; zh-cn; GT-I9500 Build/KOT49H) AppleWebKit/537.36 (KHTML, like Gecko)Version/4.0 MQQBrowser/5.0 QQ-URL-Manager Mobile Safari/537.36"
183.60.35.94 - - [14/May/2016:00:21:21 +0800] "GET /cn/static/js/jquery_2.1.3.js HTTP/1.1" 200 84320 "http://yxgames.cn/cn/static/js/jquery_2.1.3.js" "Mozilla/5.0 (Linux; U; Android 4.4.2; zh-cn; GT-I9500 Build/KOT49H) AppleWebKit/537.36 (KHTML, like Gecko)Version/4.0 MQQBrowser/5.0 QQ-URL-Manager Mobile Safari/537.36"
121.42.0.61 - - [14/May/2016:01:52:06 +0800] "GET / HTTP/1.1" 302 160 "-" "Mozilla/5.0 (iPhone; CPU iPhone OS 6_1_3 like Mac OS X) AppleWebKit/536.26 (KHTML, like Gecko) Version/6.0 Mobile/WK10171 Safari/8536.25"
121.42.0.55 - - [14/May/2016:01:52:06 +0800] "GET / HTTP/1.1" 302 160 "-" "Mozilla/4.0 (compatible; MSIE 8.0; Trident/4.0; Windows NT 6.1; SLCC2 2.5.5231; .NET CLR 2.0.50727; .NET CLR 4.1.23457; .NET CLR 4.0.23457; Media Center PC 6.0; MS-WK 8)"
121.42.0.55 - - [14/May/2016:01:52:06 +0800] "GET /cn/ HTTP/1.1" 200 2115 "-" "Mozilla/4.0 (compatible; MSIE 8.0; Trident/4.0; Windows NT 6.1; SLCC2 2.5.5231; .NET CLR 2.0.50727; .NET CLR 4.1.23457; .NET CLR 4.0.23457; Media Center PC 6.0; MS-WK 8)"
121.42.0.61 - - [14/May/2016:01:52:06 +0800] "GET /cn/ HTTP/1.1" 200 2115 "-" "Mozilla/5.0 (iPhone; CPU iPhone OS 6_1_3 like Mac OS X) AppleWebKit/536.26 (KHTML, like Gecko) Version/6.0 Mobile/WK10171 Safari/8536.25"
121.42.0.55 - - [14/May/2016:01:52:06 +0800] "GET /cn/static/css/on_index.css?v=102 HTTP/1.1" 200 632 "http://www.yxgames.cn/cn/" "Mozilla/4.0 (compatible; MSIE 8.0; Trident/4.0; Windows NT 6.1; SLCC2 2.5.5231; .NET CLR 2.0.50727; .NET CLR 4.1.23457; .NET CLR 4.0.23457; Media Center PC 6.0; MS-WK 8)"
121.42.0.55 - - [14/May/2016:01:52:06 +0800] "GET /cn/static/css/common-mobile.css?v=3 HTTP/1.1" 200 2449 "http://www.yxgames.cn/cn/" "Mozilla/4.0 (compatible; MSIE 8.0; Trident/4.0; Windows NT 6.1; SLCC2 2.5.5231; .NET CLR 2.0.50727; .NET CLR 4.1.23457; .NET CLR 4.0.23457; Media Center PC 6.0; MS-WK 8)"
121.42.0.55 - - [14/May/2016:01:52:06 +0800] "GET /cn/static/js/header.js?v=102 HTTP/1.1" 200 221 "http://www.yxgames.cn/cn/" "Mozilla/4.0 (compatible; MSIE 8.0; Trident/4.0; Windows NT 6.1; SLCC2 2.5.5231; .NET CLR 2.0.50727; .NET CLR 4.1.23457; .NET CLR 4.0.23457; Media Center PC 6.0; MS-WK 8)"
121.42.0.55 - - [14/May/2016:01:52:06 +0800] "GET /cn/static/js/bplayer.js HTTP/1.1" 200 1381 "http://www.yxgames.cn/cn/" "Mozilla/4.0 (compatible; MSIE 8.0; Trident/4.0; Windows NT 6.1; SLCC2 2.5.5231; .NET CLR 2.0.50727; .NET CLR 4.1.23457; .NET CLR 4.0.23457; Media Center PC 6.0; MS-WK 8)"
121.42.0.61 - - [14/May/2016:01:52:06 +0800] "GET /cn/static/css/on_index.css?v=102 HTTP/1.1" 200 632 "http://yxgames.cn/cn/" "Mozilla/5.0 (iPhone; CPU iPhone OS 6_1_3 like Mac OS X) AppleWebKit/536.26 (KHTML, like Gecko) Version/6.0 Mobile/WK10171 Safari/8536.25"
121.42.0.61 - - [14/May/2016:01:52:06 +0800] "GET /cn/static/css/common-mobile.css?v=3 HTTP/1.1" 200 2449 "http://yxgames.cn/cn/" "Mozilla/5.0 (iPhone; CPU iPhone OS 6_1_3 like Mac OS X) AppleWebKit/536.26 (KHTML, like Gecko) Version/6.0 Mobile/WK10171 Safari/8536.25"
121.42.0.55 - - [14/May/2016:01:52:06 +0800] "GET /cn/static/img/xinxinran.png HTTP/1.1" 200 13497 "http://www.yxgames.cn/cn/" "Mozilla/4.0 (compatible; MSIE 8.0; Trident/4.0; Windows NT 6.1; SLCC2 2.5.5231; .NET CLR 2.0.50727; .NET CLR 4.1.23457; .NET CLR 4.0.23457; Media Center PC 6.0; MS-WK 8)"
121.42.0.61 - - [14/May/2016:01:52:06 +0800] "GET /cn/static/js/header.js?v=102 HTTP/1.1" 200 221 "http://yxgames.cn/cn/" "Mozilla/5.0 (iPhone; CPU iPhone OS 6_1_3 like Mac OS X) AppleWebKit/536.26 (KHTML, like Gecko) Version/6.0 Mobile/WK10171 Safari/8536.25"
121.42.0.61 - - [14/May/2016:01:52:06 +0800] "GET /cn/static/js/bplayer.js HTTP/1.1" 200 1381 "http://yxgames.cn/cn/" "Mozilla/5.0 (iPhone; CPU iPhone OS 6_1_3 like Mac OS X) AppleWebKit/536.26 (KHTML, like Gecko) Version/6.0 Mobile/WK10171 Safari/8536.25"
121.42.0.55 - - [14/May/2016:01:52:06 +0800] "GET /cn/static/img/logo.png HTTP/1.1" 200 29740 "http://www.yxgames.cn/cn/" "Mozilla/4.0 (compatible; MSIE 8.0; Trident/4.0; Windows NT 6.1; SLCC2 2.5.5231; .NET CLR 2.0.50727; .NET CLR 4.1.23457; .NET CLR 4.0.23457; Media Center PC 6.0; MS-WK 8)"
121.42.0.55 - - [14/May/2016:01:52:06 +0800] "GET /cn/static/img/oval_left.png HTTP/1.1" 200 3285 "http://www.yxgames.cn/cn/" "Mozilla/4.0 (compatible; MSIE 8.0; Trident/4.0; Windows NT 6.1; SLCC2 2.5.5231; .NET CLR 2.0.50727; .NET CLR 4.1.23457; .NET CLR 4.0.23457; Media Center PC 6.0; MS-WK 8)"
121.42.0.55 - - [14/May/2016:01:52:06 +0800] "GET /cn/static/js/jquery_2.1.3.js HTTP/1.1" 200 84320 "http://www.yxgames.cn/cn/" "Mozilla/4.0 (compatible; MSIE 8.0; Trident/4.0; Windows NT 6.1; SLCC2 2.5.5231; .NET CLR 2.0.50727; .NET CLR 4.1.23457; .NET CLR 4.0.23457; Media Center PC 6.0; MS-WK 8)"
121.42.0.61 - - [14/May/2016:01:52:06 +0800] "GET /cn/static/img/xinxinran.png HTTP/1.1" 200 13497 "http://yxgames.cn/cn/" "Mozilla/5.0 (iPhone; CPU iPhone OS 6_1_3 like Mac OS X) AppleWebKit/536.26 (KHTML, like Gecko) Version/6.0 Mobile/WK10171 Safari/8536.25"
121.42.0.55 - - [14/May/2016:01:52:06 +0800] "GET /cn/static/img/oval_right.png HTTP/1.1" 200 3332 "http://www.yxgames.cn/cn/" "Mozilla/4.0 (compatible; MSIE 8.0; Trident/4.0; Windows NT 6.1; SLCC2 2.5.5231; .NET CLR 2.0.50727; .NET CLR 4.1.23457; .NET CLR 4.0.23457; Media Center PC 6.0; MS-WK 8)"
121.42.0.61 - - [14/May/2016:01:52:06 +0800] "GET /cn/static/img/logo.png HTTP/1.1" 200 29740 "http://yxgames.cn/cn/" "Mozilla/5.0 (iPhone; CPU iPhone OS 6_1_3 like Mac OS X) AppleWebKit/536.26 (KHTML, like Gecko) Version/6.0 Mobile/WK10171 Safari/8536.25"
121.42.0.61 - - [14/May/2016:01:52:06 +0800] "GET /cn/static/img/oval_left.png HTTP/1.1" 200 3285 "http://yxgames.cn/cn/" "Mozilla/5.0 (iPhone; CPU iPhone OS 6_1_3 like Mac OS X) AppleWebKit/536.26 (KHTML, like Gecko) Version/6.0 Mobile/WK10171 Safari/8536.25"
121.42.0.55 - - [14/May/2016:01:52:06 +0800] "GET /cn/static/img/cat.jpg HTTP/1.1" 200 89646 "http://www.yxgames.cn/cn/" "Mozilla/4.0 (compatible; MSIE 8.0; Trident/4.0; Windows NT 6.1; SLCC2 2.5.5231; .NET CLR 2.0.50727; .NET CLR 4.1.23457; .NET CLR 4.0.23457; Media Center PC 6.0; MS-WK 8)"
121.42.0.55 - - [14/May/2016:01:52:06 +0800] "GET /cn/static/img/dog-two.jpg HTTP/1.1" 200 97281 "http://www.yxgames.cn/cn/" "Mozilla/4.0 (compatible; MSIE 8.0; Trident/4.0; Windows NT 6.1; SLCC2 2.5.5231; .NET CLR 2.0.50727; .NET CLR 4.1.23457; .NET CLR 4.0.23457; Media Center PC 6.0; MS-WK 8)"
121.42.0.61 - - [14/May/2016:01:52:06 +0800] "GET /cn/static/js/jquery_2.1.3.js HTTP/1.1" 200 84320 "http://yxgames.cn/cn/" "Mozilla/5.0 (iPhone; CPU iPhone OS 6_1_3 like Mac OS X) AppleWebKit/536.26 (KHTML, like Gecko) Version/6.0 Mobile/WK10171 Safari/8536.25"
121.42.0.61 - - [14/May/2016:01:52:06 +0800] "GET /cn/static/img/oval_right.png HTTP/1.1" 200 3332 "http://yxgames.cn/cn/" "Mozilla/5.0 (iPhone; CPU iPhone OS 6_1_3 like Mac OS X) AppleWebKit/536.26 (KHTML, like Gecko) Version/6.0 Mobile/WK10171 Safari/8536.25"
121.42.0.55 - - [14/May/2016:01:52:06 +0800] "GET /cn/static/img/card_dog_two.png HTTP/1.1" 200 154597 "http://www.yxgames.cn/cn/" "Mozilla/4.0 (compatible; MSIE 8.0; Trident/4.0; Windows NT 6.1; SLCC2 2.5.5231; .NET CLR 2.0.50727; .NET CLR 4.1.23457; .NET CLR 4.0.23457; Media Center PC 6.0; MS-WK 8)"
121.42.0.55 - - [14/May/2016:01:52:06 +0800] "GET /cn/static/img/dog.jpg HTTP/1.1" 200 145841 "http://www.yxgames.cn/cn/" "Mozilla/4.0 (compatible; MSIE 8.0; Trident/4.0; Windows NT 6.1; SLCC2 2.5.5231; .NET CLR 2.0.50727; .NET CLR 4.1.23457; .NET CLR 4.0.23457; Media Center PC 6.0; MS-WK 8)"
121.42.0.61 - - [14/May/2016:01:52:07 +0800] "GET /cn/static/img/dog-two.jpg HTTP/1.1" 200 97281 "http://yxgames.cn/cn/" "Mozilla/5.0 (iPhone; CPU iPhone OS 6_1_3 like Mac OS X) AppleWebKit/536.26 (KHTML, like Gecko) Version/6.0 Mobile/WK10171 Safari/8536.25"
121.42.0.55 - - [14/May/2016:01:52:07 +0800] "GET /cn/static/img/card_cat.png HTTP/1.1" 200 147849 "http://www.yxgames.cn/cn/" "Mozilla/4.0 (compatible; MSIE 8.0; Trident/4.0; Windows NT 6.1; SLCC2 2.5.5231; .NET CLR 2.0.50727; .NET CLR 4.1.23457; .NET CLR 4.0.23457; Media Center PC 6.0; MS-WK 8)"
121.42.0.61 - - [14/May/2016:01:52:07 +0800] "GET /cn/static/img/cat.jpg HTTP/1.1" 200 89646 "http://yxgames.cn/cn/" "Mozilla/5.0 (iPhone; CPU iPhone OS 6_1_3 like Mac OS X) AppleWebKit/536.26 (KHTML, like Gecko) Version/6.0 Mobile/WK10171 Safari/8536.25"
121.42.0.61 - - [14/May/2016:01:52:07 +0800] "GET /cn/static/img/card_cat.png HTTP/1.1" 200 147849 "http://yxgames.cn/cn/" "Mozilla/5.0 (iPhone; CPU iPhone OS 6_1_3 like Mac OS X) AppleWebKit/536.26 (KHTML, like Gecko) Version/6.0 Mobile/WK10171 Safari/8536.25"
121.42.0.61 - - [14/May/2016:01:52:08 +0800] "GET /cn/static/img/card_dog_two.png HTTP/1.1" 200 154597 "http://yxgames.cn/cn/" "Mozilla/5.0 (iPhone; CPU iPhone OS 6_1_3 like Mac OS X) AppleWebKit/536.26 (KHTML, like Gecko) Version/6.0 Mobile/WK10171 Safari/8536.25"
121.42.0.61 - - [14/May/2016:01:52:08 +0800] "GET /cn/static/img/dog.jpg HTTP/1.1" 200 145841 "http://yxgames.cn/cn/" "Mozilla/5.0 (iPhone; CPU iPhone OS 6_1_3 like Mac OS X) AppleWebKit/536.26 (KHTML, like Gecko) Version/6.0 Mobile/WK10171 Safari/8536.25"
121.42.0.55 - - [14/May/2016:01:52:08 +0800] "GET /cn/static/img/card_dog.png HTTP/1.1" 200 181293 "http://www.yxgames.cn/cn/" "Mozilla/4.0 (compatible; MSIE 8.0; Trident/4.0; Windows NT 6.1; SLCC2 2.5.5231; .NET CLR 2.0.50727; .NET CLR 4.1.23457; .NET CLR 4.0.23457; Media Center PC 6.0; MS-WK 8)"
121.42.0.55 - - [14/May/2016:01:52:08 +0800] "GET /cn/static/css/common.css?v=5 HTTP/1.1" 200 2488 "http://www.yxgames.cn/cn/" "Mozilla/4.0 (compatible; MSIE 8.0; Trident/4.0; Windows NT 6.1; SLCC2 2.5.5231; .NET CLR 2.0.50727; .NET CLR 4.1.23457; .NET CLR 4.0.23457; Media Center PC 6.0; MS-WK 8)"
121.42.0.61 - - [14/May/2016:01:52:08 +0800] "GET /cn/static/img/card_dog.png HTTP/1.1" 200 181293 "http://yxgames.cn/cn/" "Mozilla/5.0 (iPhone; CPU iPhone OS 6_1_3 like Mac OS X) AppleWebKit/536.26 (KHTML, like Gecko) Version/6.0 Mobile/WK10171 Safari/8536.25"
121.42.0.61 - - [14/May/2016:01:52:09 +0800] "GET /cn/static/css/common.css?v=5 HTTP/1.1" 200 2488 "http://yxgames.cn/cn/" "Mozilla/5.0 (iPhone; CPU iPhone OS 6_1_3 like Mac OS X) AppleWebKit/536.26 (KHTML, like Gecko) Version/6.0 Mobile/WK10171 Safari/8536.25"
121.42.0.75 - - [14/May/2016:01:52:09 +0800] "GET /cn/static/img/xinxinran.png HTTP/1.1" 200 13497 "http://www.yxgames.cn/cn/static/img/xinxinran.png" "Mozilla/5.0 (Macintosh; Intel Mac OS X 10.11; rv:41.0) Gecko/20100101 Firefox/41.0"
121.42.0.75 - - [14/May/2016:01:52:09 +0800] "GET /cn/static/img/logo.png HTTP/1.1" 200 29740 "http://www.yxgames.cn/cn/static/img/logo.png" "Mozilla/5.0 (Macintosh; Intel Mac OS X 10.11; rv:41.0) Gecko/20100101 Firefox/41.0"
121.42.0.75 - - [14/May/2016:01:52:09 +0800] "GET /cn/static/img/dog-two.jpg HTTP/1.1" 200 97281 "http://www.yxgames.cn/cn/static/img/dog-two.jpg" "Mozilla/5.0 (Macintosh; Intel Mac OS X 10.11; rv:41.0) Gecko/20100101 Firefox/41.0"
121.42.0.75 - - [14/May/2016:01:52:09 +0800] "GET /cn/static/img/cat.jpg HTTP/1.1" 200 89646 "http://www.yxgames.cn/cn/static/img/cat.jpg" "Mozilla/5.0 (Macintosh; Intel Mac OS X 10.11; rv:41.0) Gecko/20100101 Firefox/41.0"
121.42.0.75 - - [14/May/2016:01:52:09 +0800] "GET /cn/static/img/oval_left.png HTTP/1.1" 200 3285 "http://www.yxgames.cn/cn/static/img/oval_left.png" "Mozilla/5.0 (Macintosh; Intel Mac OS X 10.11; rv:41.0) Gecko/20100101 Firefox/41.0"
121.42.0.75 - - [14/May/2016:01:52:09 +0800] "GET /cn/static/img/dog.jpg HTTP/1.1" 200 145841 "http://www.yxgames.cn/cn/static/img/dog.jpg" "Mozilla/5.0 (Macintosh; Intel Mac OS X 10.11; rv:41.0) Gecko/20100101 Firefox/41.0"
121.42.0.75 - - [14/May/2016:01:52:09 +0800] "GET /cn/static/img/oval_right.png HTTP/1.1" 200 3332 "http://www.yxgames.cn/cn/static/img/oval_right.png" "Mozilla/5.0 (Macintosh; Intel Mac OS X 10.11; rv:41.0) Gecko/20100101 Firefox/41.0"
121.42.0.75 - - [14/May/2016:01:52:09 +0800] "GET /cn/static/img/card_dog.png HTTP/1.1" 200 181293 "http://www.yxgames.cn/cn/static/img/card_dog.png" "Mozilla/5.0 (Macintosh; Intel Mac OS X 10.11; rv:41.0) Gecko/20100101 Firefox/41.0"
121.42.0.75 - - [14/May/2016:01:52:09 +0800] "GET /cn/static/img/xinxinran.png HTTP/1.1" 200 13497 "http://yxgames.cn/cn/static/img/xinxinran.png" "Mozilla/5.0 (Macintosh; Intel Mac OS X 10.11; rv:41.0) Gecko/20100101 Firefox/41.0"
121.42.0.75 - - [14/May/2016:01:52:09 +0800] "GET /cn/static/img/logo.png HTTP/1.1" 200 29740 "http://yxgames.cn/cn/static/img/logo.png" "Mozilla/5.0 (Macintosh; Intel Mac OS X 10.11; rv:41.0) Gecko/20100101 Firefox/41.0"
121.42.0.75 - - [14/May/2016:01:52:09 +0800] "GET /cn/static/img/card_cat.png HTTP/1.1" 200 147849 "http://www.yxgames.cn/cn/static/img/card_cat.png" "Mozilla/5.0 (Macintosh; Intel Mac OS X 10.11; rv:41.0) Gecko/20100101 Firefox/41.0"
121.42.0.75 - - [14/May/2016:01:52:10 +0800] "GET /cn/static/img/card_dog_two.png HTTP/1.1" 200 154597 "http://www.yxgames.cn/cn/static/img/card_dog_two.png" "Mozilla/5.0 (Macintosh; Intel Mac OS X 10.11; rv:41.0) Gecko/20100101 Firefox/41.0"
121.42.0.75 - - [14/May/2016:01:52:10 +0800] "GET /cn/static/img/cat.jpg HTTP/1.1" 200 89646 "http://yxgames.cn/cn/static/img/cat.jpg" "Mozilla/5.0 (Macintosh; Intel Mac OS X 10.11; rv:41.0) Gecko/20100101 Firefox/41.0"
121.42.0.75 - - [14/May/2016:01:52:10 +0800] "GET /cn/static/img/oval_left.png HTTP/1.1" 200 3285 "http://yxgames.cn/cn/static/img/oval_left.png" "Mozilla/5.0 (Macintosh; Intel Mac OS X 10.11; rv:41.0) Gecko/20100101 Firefox/41.0"
121.42.0.75 - - [14/May/2016:01:52:10 +0800] "GET /cn/static/img/oval_right.png HTTP/1.1" 200 3332 "http://yxgames.cn/cn/static/img/oval_right.png" "Mozilla/5.0 (Macintosh; Intel Mac OS X 10.11; rv:41.0) Gecko/20100101 Firefox/41.0"
121.42.0.75 - - [14/May/2016:01:52:10 +0800] "GET /cn/static/img/dog-two.jpg HTTP/1.1" 200 97281 "http://yxgames.cn/cn/static/img/dog-two.jpg" "Mozilla/5.0 (Macintosh; Intel Mac OS X 10.11; rv:41.0) Gecko/20100101 Firefox/41.0"
121.42.0.75 - - [14/May/2016:01:52:10 +0800] "GET /cn/static/img/dog.jpg HTTP/1.1" 200 145841 "http://yxgames.cn/cn/static/img/dog.jpg" "Mozilla/5.0 (Macintosh; Intel Mac OS X 10.11; rv:41.0) Gecko/20100101 Firefox/41.0"
121.42.0.75 - - [14/May/2016:01:52:11 +0800] "GET /cn/static/img/card_dog.png HTTP/1.1" 200 181293 "http://yxgames.cn/cn/static/img/card_dog.png" "Mozilla/5.0 (Macintosh; Intel Mac OS X 10.11; rv:41.0) Gecko/20100101 Firefox/41.0"
121.42.0.75 - - [14/May/2016:01:52:11 +0800] "GET /cn/static/img/card_dog_two.png HTTP/1.1" 200 154597 "http://yxgames.cn/cn/static/img/card_dog_two.png" "Mozilla/5.0 (Macintosh; Intel Mac OS X 10.11; rv:41.0) Gecko/20100101 Firefox/41.0"
121.42.0.75 - - [14/May/2016:01:52:11 +0800] "GET /cn/static/img/card_cat.png HTTP/1.1" 200 147849 "http://yxgames.cn/cn/static/img/card_cat.png" "Mozilla/5.0 (Macintosh; Intel Mac OS X 10.11; rv:41.0) Gecko/20100101 Firefox/41.0"
111.47.13.65 - - [14/May/2016:02:17:25 +0800] "GET / HTTP/1.1" 302 160 "-" "Mozilla/5.0 (Windows NT 6.1) AppleWebKit/537.31 (KHTML, like Gecko) PhantomJS/19.0"
111.47.13.65 - - [14/May/2016:02:17:25 +0800] "GET /cn/ HTTP/1.1" 200 2115 "-" "Mozilla/5.0 (Windows NT 6.1) AppleWebKit/537.31 (KHTML, like Gecko) PhantomJS/19.0"
111.47.13.65 - - [14/May/2016:02:17:25 +0800] "GET /cn/static/css/on_index.css?v=102 HTTP/1.1" 200 632 "http://yxgames.cn/cn/" "Mozilla/5.0 (Windows NT 6.1) AppleWebKit/537.31 (KHTML, like Gecko) PhantomJS/19.0"
111.47.13.65 - - [14/May/2016:02:17:25 +0800] "GET /cn/static/css/common-mobile.css?v=3 HTTP/1.1" 200 2449 "http://yxgames.cn/cn/" "Mozilla/5.0 (Windows NT 6.1) AppleWebKit/537.31 (KHTML, like Gecko) PhantomJS/19.0"
111.47.13.65 - - [14/May/2016:02:17:25 +0800] "GET /cn/static/css/common.css?v=5 HTTP/1.1" 200 2488 "http://yxgames.cn/cn/" "Mozilla/5.0 (Windows NT 6.1) AppleWebKit/537.31 (KHTML, like Gecko) PhantomJS/19.0"
111.47.13.65 - - [14/May/2016:02:17:26 +0800] "GET / HTTP/1.1" 302 160 "-" "Mozilla/5.0 (Windows NT 6.1) AppleWebKit/537.31 (KHTML, like Gecko) PhantomJS/19.0"
111.47.13.65 - - [14/May/2016:02:17:26 +0800] "GET /cn/ HTTP/1.1" 200 2115 "-" "Mozilla/5.0 (Windows NT 6.1) AppleWebKit/537.31 (KHTML, like Gecko) PhantomJS/19.0"
111.47.13.65 - - [14/May/2016:02:17:26 +0800] "GET /cn/static/css/on_index.css?v=102 HTTP/1.1" 200 632 "http://www.yxgames.cn/cn/" "Mozilla/5.0 (Windows NT 6.1) AppleWebKit/537.31 (KHTML, like Gecko) PhantomJS/19.0"
111.47.13.65 - - [14/May/2016:02:17:26 +0800] "GET /cn/static/css/common-mobile.css?v=3 HTTP/1.1" 200 2449 "http://www.yxgames.cn/cn/" "Mozilla/5.0 (Windows NT 6.1) AppleWebKit/537.31 (KHTML, like Gecko) PhantomJS/19.0"
111.47.13.65 - - [14/May/2016:02:17:26 +0800] "GET /cn/static/css/common.css?v=5 HTTP/1.1" 200 2488 "http://www.yxgames.cn/cn/" "Mozilla/5.0 (Windows NT 6.1) AppleWebKit/537.31 (KHTML, like Gecko) PhantomJS/19.0"
121.42.0.54 - - [14/May/2016:03:02:57 +0800] "GET / HTTP/1.1" 302 160 "-" "Mozilla/5.0 (iPhone; CPU iPhone OS 6_1_3 like Mac OS X) AppleWebKit/536.26 (KHTML, like Gecko) Version/6.0 Mobile/WK10171 Safari/8536.25"
121.42.0.60 - - [14/May/2016:03:02:57 +0800] "GET / HTTP/1.1" 302 160 "-" "Mozilla/4.0 (compatible; MSIE 8.0; Trident/4.0; Windows NT 6.1; SLCC2 2.5.5231; .NET CLR 2.0.50727; .NET CLR 4.1.23457; .NET CLR 4.0.23457; Media Center PC 6.0; MS-WK 8)"
121.42.0.60 - - [14/May/2016:03:02:58 +0800] "GET /cn/ HTTP/1.1" 200 2115 "-" "Mozilla/4.0 (compatible; MSIE 8.0; Trident/4.0; Windows NT 6.1; SLCC2 2.5.5231; .NET CLR 2.0.50727; .NET CLR 4.1.23457; .NET CLR 4.0.23457; Media Center PC 6.0; MS-WK 8)"
121.42.0.54 - - [14/May/2016:03:02:58 +0800] "GET /cn/ HTTP/1.1" 200 2115 "-" "Mozilla/5.0 (iPhone; CPU iPhone OS 6_1_3 like Mac OS X) AppleWebKit/536.26 (KHTML, like Gecko) Version/6.0 Mobile/WK10171 Safari/8536.25"
121.42.0.60 - - [14/May/2016:03:02:58 +0800] "GET /cn/static/css/on_index.css?v=102 HTTP/1.1" 200 632 "http://www.yxgames.cn/cn/" "Mozilla/4.0 (compatible; MSIE 8.0; Trident/4.0; Windows NT 6.1; SLCC2 2.5.5231; .NET CLR 2.0.50727; .NET CLR 4.1.23457; .NET CLR 4.0.23457; Media Center PC 6.0; MS-WK 8)"
121.42.0.54 - - [14/May/2016:03:02:58 +0800] "GET /cn/static/css/on_index.css?v=102 HTTP/1.1" 200 632 "http://yxgames.cn/cn/" "Mozilla/5.0 (iPhone; CPU iPhone OS 6_1_3 like Mac OS X) AppleWebKit/536.26 (KHTML, like Gecko) Version/6.0 Mobile/WK10171 Safari/8536.25"
121.42.0.60 - - [14/May/2016:03:02:58 +0800] "GET /cn/static/css/common-mobile.css?v=3 HTTP/1.1" 200 2449 "http://www.yxgames.cn/cn/" "Mozilla/4.0 (compatible; MSIE 8.0; Trident/4.0; Windows NT 6.1; SLCC2 2.5.5231; .NET CLR 2.0.50727; .NET CLR 4.1.23457; .NET CLR 4.0.23457; Media Center PC 6.0; MS-WK 8)"
121.42.0.60 - - [14/May/2016:03:02:58 +0800] "GET /cn/static/js/header.js?v=102 HTTP/1.1" 200 221 "http://www.yxgames.cn/cn/" "Mozilla/4.0 (compatible; MSIE 8.0; Trident/4.0; Windows NT 6.1; SLCC2 2.5.5231; .NET CLR 2.0.50727; .NET CLR 4.1.23457; .NET CLR 4.0.23457; Media Center PC 6.0; MS-WK 8)"
121.42.0.60 - - [14/May/2016:03:02:58 +0800] "GET /cn/static/js/bplayer.js HTTP/1.1" 200 1381 "http://www.yxgames.cn/cn/" "Mozilla/4.0 (compatible; MSIE 8.0; Trident/4.0; Windows NT 6.1; SLCC2 2.5.5231; .NET CLR 2.0.50727; .NET CLR 4.1.23457; .NET CLR 4.0.23457; Media Center PC 6.0; MS-WK 8)"
121.42.0.54 - - [14/May/2016:03:02:58 +0800] "GET /cn/static/css/common-mobile.css?v=3 HTTP/1.1" 200 2449 "http://yxgames.cn/cn/" "Mozilla/5.0 (iPhone; CPU iPhone OS 6_1_3 like Mac OS X) AppleWebKit/536.26 (KHTML, like Gecko) Version/6.0 Mobile/WK10171 Safari/8536.25"
121.42.0.54 - - [14/May/2016:03:02:58 +0800] "GET /cn/static/js/header.js?v=102 HTTP/1.1" 200 221 "http://yxgames.cn/cn/" "Mozilla/5.0 (iPhone; CPU iPhone OS 6_1_3 like Mac OS X) AppleWebKit/536.26 (KHTML, like Gecko) Version/6.0 Mobile/WK10171 Safari/8536.25"
121.42.0.54 - - [14/May/2016:03:02:58 +0800] "GET /cn/static/js/bplayer.js HTTP/1.1" 200 1381 "http://yxgames.cn/cn/" "Mozilla/5.0 (iPhone; CPU iPhone OS 6_1_3 like Mac OS X) AppleWebKit/536.26 (KHTML, like Gecko) Version/6.0 Mobile/WK10171 Safari/8536.25"
121.42.0.60 - - [14/May/2016:03:02:58 +0800] "GET /cn/static/img/xinxinran.png HTTP/1.1" 200 13497 "http://www.yxgames.cn/cn/" "Mozilla/4.0 (compatible; MSIE 8.0; Trident/4.0; Windows NT 6.1; SLCC2 2.5.5231; .NET CLR 2.0.50727; .NET CLR 4.1.23457; .NET CLR 4.0.23457; Media Center PC 6.0; MS-WK 8)"
121.42.0.54 - - [14/May/2016:03:02:58 +0800] "GET /cn/static/img/xinxinran.png HTTP/1.1" 200 13497 "http://yxgames.cn/cn/" "Mozilla/5.0 (iPhone; CPU iPhone OS 6_1_3 like Mac OS X) AppleWebKit/536.26 (KHTML, like Gecko) Version/6.0 Mobile/WK10171 Safari/8536.25"
121.42.0.60 - - [14/May/2016:03:02:58 +0800] "GET /cn/static/js/jquery_2.1.3.js HTTP/1.1" 200 84320 "http://www.yxgames.cn/cn/" "Mozilla/4.0 (compatible; MSIE 8.0; Trident/4.0; Windows NT 6.1; SLCC2 2.5.5231; .NET CLR 2.0.50727; .NET CLR 4.1.23457; .NET CLR 4.0.23457; Media Center PC 6.0; MS-WK 8)"
121.42.0.60 - - [14/May/2016:03:02:58 +0800] "GET /cn/static/img/logo.png HTTP/1.1" 200 29740 "http://www.yxgames.cn/cn/" "Mozilla/4.0 (compatible; MSIE 8.0; Trident/4.0; Windows NT 6.1; SLCC2 2.5.5231; .NET CLR 2.0.50727; .NET CLR 4.1.23457; .NET CLR 4.0.23457; Media Center PC 6.0; MS-WK 8)"
121.42.0.60 - - [14/May/2016:03:02:58 +0800] "GET /cn/static/img/oval_left.png HTTP/1.1" 200 3285 "http://www.yxgames.cn/cn/" "Mozilla/4.0 (compatible; MSIE 8.0; Trident/4.0; Windows NT 6.1; SLCC2 2.5.5231; .NET CLR 2.0.50727; .NET CLR 4.1.23457; .NET CLR 4.0.23457; Media Center PC 6.0; MS-WK 8)"
121.42.0.54 - - [14/May/2016:03:02:58 +0800] "GET /cn/static/img/logo.png HTTP/1.1" 200 29740 "http://yxgames.cn/cn/" "Mozilla/5.0 (iPhone; CPU iPhone OS 6_1_3 like Mac OS X) AppleWebKit/536.26 (KHTML, like Gecko) Version/6.0 Mobile/WK10171 Safari/8536.25"
121.42.0.54 - - [14/May/2016:03:02:58 +0800] "GET /cn/static/js/jquery_2.1.3.js HTTP/1.1" 200 84320 "http://yxgames.cn/cn/" "Mozilla/5.0 (iPhone; CPU iPhone OS 6_1_3 like Mac OS X) AppleWebKit/536.26 (KHTML, like Gecko) Version/6.0 Mobile/WK10171 Safari/8536.25"
121.42.0.54 - - [14/May/2016:03:02:58 +0800] "GET /cn/static/img/oval_left.png HTTP/1.1" 200 3285 "http://yxgames.cn/cn/" "Mozilla/5.0 (iPhone; CPU iPhone OS 6_1_3 like Mac OS X) AppleWebKit/536.26 (KHTML, like Gecko) Version/6.0 Mobile/WK10171 Safari/8536.25"
121.42.0.60 - - [14/May/2016:03:02:58 +0800] "GET /cn/static/img/oval_right.png HTTP/1.1" 200 3332 "http://www.yxgames.cn/cn/" "Mozilla/4.0 (compatible; MSIE 8.0; Trident/4.0; Windows NT 6.1; SLCC2 2.5.5231; .NET CLR 2.0.50727; .NET CLR 4.1.23457; .NET CLR 4.0.23457; Media Center PC 6.0; MS-WK 8)"
121.42.0.54 - - [14/May/2016:03:02:58 +0800] "GET /cn/static/img/oval_right.png HTTP/1.1" 200 3332 "http://yxgames.cn/cn/" "Mozilla/5.0 (iPhone; CPU iPhone OS 6_1_3 like Mac OS X) AppleWebKit/536.26 (KHTML, like Gecko) Version/6.0 Mobile/WK10171 Safari/8536.25"
121.42.0.60 - - [14/May/2016:03:02:58 +0800] "GET /cn/static/img/dog-two.jpg HTTP/1.1" 200 97281 "http://www.yxgames.cn/cn/" "Mozilla/4.0 (compatible; MSIE 8.0; Trident/4.0; Windows NT 6.1; SLCC2 2.5.5231; .NET CLR 2.0.50727; .NET CLR 4.1.23457; .NET CLR 4.0.23457; Media Center PC 6.0; MS-WK 8)"
121.42.0.54 - - [14/May/2016:03:02:58 +0800] "GET /cn/static/img/cat.jpg HTTP/1.1" 200 89646 "http://yxgames.cn/cn/" "Mozilla/5.0 (iPhone; CPU iPhone OS 6_1_3 like Mac OS X) AppleWebKit/536.26 (KHTML, like Gecko) Version/6.0 Mobile/WK10171 Safari/8536.25"
121.42.0.60 - - [14/May/2016:03:02:58 +0800] "GET /cn/static/img/cat.jpg HTTP/1.1" 200 89646 "http://www.yxgames.cn/cn/" "Mozilla/4.0 (compatible; MSIE 8.0; Trident/4.0; Windows NT 6.1; SLCC2 2.5.5231; .NET CLR 2.0.50727; .NET CLR 4.1.23457; .NET CLR 4.0.23457; Media Center PC 6.0; MS-WK 8)"
121.42.0.54 - - [14/May/2016:03:02:58 +0800] "GET /cn/static/img/dog-two.jpg HTTP/1.1" 200 97281 "http://yxgames.cn/cn/" "Mozilla/5.0 (iPhone; CPU iPhone OS 6_1_3 like Mac OS X) AppleWebKit/536.26 (KHTML, like Gecko) Version/6.0 Mobile/WK10171 Safari/8536.25"
121.42.0.60 - - [14/May/2016:03:02:58 +0800] "GET /cn/static/img/dog.jpg HTTP/1.1" 200 145841 "http://www.yxgames.cn/cn/" "Mozilla/4.0 (compatible; MSIE 8.0; Trident/4.0; Windows NT 6.1; SLCC2 2.5.5231; .NET CLR 2.0.50727; .NET CLR 4.1.23457; .NET CLR 4.0.23457; Media Center PC 6.0; MS-WK 8)"
121.42.0.54 - - [14/May/2016:03:02:59 +0800] "GET /cn/static/img/card_dog_two.png HTTP/1.1" 200 154597 "http://yxgames.cn/cn/" "Mozilla/5.0 (iPhone; CPU iPhone OS 6_1_3 like Mac OS X) AppleWebKit/536.26 (KHTML, like Gecko) Version/6.0 Mobile/WK10171 Safari/8536.25"
121.42.0.60 - - [14/May/2016:03:02:59 +0800] "GET /cn/static/img/card_dog.png HTTP/1.1" 200 181293 "http://www.yxgames.cn/cn/" "Mozilla/4.0 (compatible; MSIE 8.0; Trident/4.0; Windows NT 6.1; SLCC2 2.5.5231; .NET CLR 2.0.50727; .NET CLR 4.1.23457; .NET CLR 4.0.23457; Media Center PC 6.0; MS-WK 8)"
121.42.0.60 - - [14/May/2016:03:02:59 +0800] "GET /cn/static/img/card_cat.png HTTP/1.1" 200 147849 "http://www.yxgames.cn/cn/" "Mozilla/4.0 (compatible; MSIE 8.0; Trident/4.0; Windows NT 6.1; SLCC2 2.5.5231; .NET CLR 2.0.50727; .NET CLR 4.1.23457; .NET CLR 4.0.23457; Media Center PC 6.0; MS-WK 8)"
121.42.0.54 - - [14/May/2016:03:02:59 +0800] "GET /cn/static/img/card_cat.png HTTP/1.1" 200 147849 "http://yxgames.cn/cn/" "Mozilla/5.0 (iPhone; CPU iPhone OS 6_1_3 like Mac OS X) AppleWebKit/536.26 (KHTML, like Gecko) Version/6.0 Mobile/WK10171 Safari/8536.25"
121.42.0.54 - - [14/May/2016:03:02:59 +0800] "GET /cn/static/img/dog.jpg HTTP/1.1" 200 145841 "http://yxgames.cn/cn/" "Mozilla/5.0 (iPhone; CPU iPhone OS 6_1_3 like Mac OS X) AppleWebKit/536.26 (KHTML, like Gecko) Version/6.0 Mobile/WK10171 Safari/8536.25"
121.42.0.60 - - [14/May/2016:03:02:59 +0800] "GET /cn/static/img/card_dog_two.png HTTP/1.1" 200 154597 "http://www.yxgames.cn/cn/" "Mozilla/4.0 (compatible; MSIE 8.0; Trident/4.0; Windows NT 6.1; SLCC2 2.5.5231; .NET CLR 2.0.50727; .NET CLR 4.1.23457; .NET CLR 4.0.23457; Media Center PC 6.0; MS-WK 8)"
121.42.0.60 - - [14/May/2016:03:03:00 +0800] "GET /cn/static/css/common.css?v=5 HTTP/1.1" 200 2488 "http://www.yxgames.cn/cn/" "Mozilla/4.0 (compatible; MSIE 8.0; Trident/4.0; Windows NT 6.1; SLCC2 2.5.5231; .NET CLR 2.0.50727; .NET CLR 4.1.23457; .NET CLR 4.0.23457; Media Center PC 6.0; MS-WK 8)"
121.42.0.54 - - [14/May/2016:03:03:00 +0800] "GET /cn/static/img/card_dog.png HTTP/1.1" 200 181293 "http://yxgames.cn/cn/" "Mozilla/5.0 (iPhone; CPU iPhone OS 6_1_3 like Mac OS X) AppleWebKit/536.26 (KHTML, like Gecko) Version/6.0 Mobile/WK10171 Safari/8536.25"
121.42.0.54 - - [14/May/2016:03:03:00 +0800] "GET /cn/static/css/common.css?v=5 HTTP/1.1" 200 2488 "http://yxgames.cn/cn/" "Mozilla/5.0 (iPhone; CPU iPhone OS 6_1_3 like Mac OS X) AppleWebKit/536.26 (KHTML, like Gecko) Version/6.0 Mobile/WK10171 Safari/8536.25"
121.42.0.80 - - [14/May/2016:03:03:00 +0800] "GET /cn/static/img/xinxinran.png HTTP/1.1" 200 13497 "http://www.yxgames.cn/cn/static/img/xinxinran.png" "Mozilla/5.0 (Macintosh; Intel Mac OS X 10.11; rv:41.0) Gecko/20100101 Firefox/41.0"
121.42.0.80 - - [14/May/2016:03:03:00 +0800] "GET /cn/static/img/logo.png HTTP/1.1" 200 29740 "http://www.yxgames.cn/cn/static/img/logo.png" "Mozilla/5.0 (Macintosh; Intel Mac OS X 10.11; rv:41.0) Gecko/20100101 Firefox/41.0"
121.42.0.80 - - [14/May/2016:03:03:00 +0800] "GET /cn/static/img/dog-two.jpg HTTP/1.1" 200 97281 "http://www.yxgames.cn/cn/static/img/dog-two.jpg" "Mozilla/5.0 (Macintosh; Intel Mac OS X 10.11; rv:41.0) Gecko/20100101 Firefox/41.0"
121.42.0.80 - - [14/May/2016:03:03:00 +0800] "GET /cn/static/img/cat.jpg HTTP/1.1" 200 89646 "http://www.yxgames.cn/cn/static/img/cat.jpg" "Mozilla/5.0 (Macintosh; Intel Mac OS X 10.11; rv:41.0) Gecko/20100101 Firefox/41.0"
121.42.0.80 - - [14/May/2016:03:03:00 +0800] "GET /cn/static/img/dog.jpg HTTP/1.1" 200 145841 "http://www.yxgames.cn/cn/static/img/dog.jpg" "Mozilla/5.0 (Macintosh; Intel Mac OS X 10.11; rv:41.0) Gecko/20100101 Firefox/41.0"
121.42.0.80 - - [14/May/2016:03:03:00 +0800] "GET /cn/static/img/oval_left.png HTTP/1.1" 200 3285 "http://www.yxgames.cn/cn/static/img/oval_left.png" "Mozilla/5.0 (Macintosh; Intel Mac OS X 10.11; rv:41.0) Gecko/20100101 Firefox/41.0"
121.42.0.80 - - [14/May/2016:03:03:00 +0800] "GET /cn/static/img/oval_right.png HTTP/1.1" 200 3332 "http://www.yxgames.cn/cn/static/img/oval_right.png" "Mozilla/5.0 (Macintosh; Intel Mac OS X 10.11; rv:41.0) Gecko/20100101 Firefox/41.0"
121.42.0.80 - - [14/May/2016:03:03:01 +0800] "GET /cn/static/img/card_dog.png HTTP/1.1" 200 181293 "http://www.yxgames.cn/cn/static/img/card_dog.png" "Mozilla/5.0 (Macintosh; Intel Mac OS X 10.11; rv:41.0) Gecko/20100101 Firefox/41.0"
121.42.0.80 - - [14/May/2016:03:03:01 +0800] "GET /cn/static/img/card_cat.png HTTP/1.1" 200 147849 "http://www.yxgames.cn/cn/static/img/card_cat.png" "Mozilla/5.0 (Macintosh; Intel Mac OS X 10.11; rv:41.0) Gecko/20100101 Firefox/41.0"
121.42.0.80 - - [14/May/2016:03:03:01 +0800] "GET /cn/static/img/xinxinran.png HTTP/1.1" 200 13497 "http://yxgames.cn/cn/static/img/xinxinran.png" "Mozilla/5.0 (Macintosh; Intel Mac OS X 10.11; rv:41.0) Gecko/20100101 Firefox/41.0"
121.42.0.80 - - [14/May/2016:03:03:01 +0800] "GET /cn/static/img/dog-two.jpg HTTP/1.1" 200 97281 "http://yxgames.cn/cn/static/img/dog-two.jpg" "Mozilla/5.0 (Macintosh; Intel Mac OS X 10.11; rv:41.0) Gecko/20100101 Firefox/41.0"
121.42.0.80 - - [14/May/2016:03:03:01 +0800] "GET /cn/static/img/card_dog_two.png HTTP/1.1" 200 154597 "http://www.yxgames.cn/cn/static/img/card_dog_two.png" "Mozilla/5.0 (Macintosh; Intel Mac OS X 10.11; rv:41.0) Gecko/20100101 Firefox/41.0"
121.42.0.80 - - [14/May/2016:03:03:01 +0800] "GET /cn/static/img/logo.png HTTP/1.1" 200 29740 "http://yxgames.cn/cn/static/img/logo.png" "Mozilla/5.0 (Macintosh; Intel Mac OS X 10.11; rv:41.0) Gecko/20100101 Firefox/41.0"
121.42.0.80 - - [14/May/2016:03:03:01 +0800] "GET /cn/static/img/oval_left.png HTTP/1.1" 200 3285 "http://yxgames.cn/cn/static/img/oval_left.png" "Mozilla/5.0 (Macintosh; Intel Mac OS X 10.11; rv:41.0) Gecko/20100101 Firefox/41.0"
121.42.0.80 - - [14/May/2016:03:03:01 +0800] "GET /cn/static/img/oval_right.png HTTP/1.1" 200 3332 "http://yxgames.cn/cn/static/img/oval_right.png" "Mozilla/5.0 (Macintosh; Intel Mac OS X 10.11; rv:41.0) Gecko/20100101 Firefox/41.0"
121.42.0.80 - - [14/May/2016:03:03:02 +0800] "GET /cn/static/img/dog.jpg HTTP/1.1" 200 145841 "http://yxgames.cn/cn/static/img/dog.jpg" "Mozilla/5.0 (Macintosh; Intel Mac OS X 10.11; rv:41.0) Gecko/20100101 Firefox/41.0"
121.42.0.80 - - [14/May/2016:03:03:02 +0800] "GET /cn/static/img/cat.jpg HTTP/1.1" 200 89646 "http://yxgames.cn/cn/static/img/cat.jpg" "Mozilla/5.0 (Macintosh; Intel Mac OS X 10.11; rv:41.0) Gecko/20100101 Firefox/41.0"
121.42.0.80 - - [14/May/2016:03:03:02 +0800] "GET /cn/static/img/card_cat.png HTTP/1.1" 200 147849 "http://yxgames.cn/cn/static/img/card_cat.png" "Mozilla/5.0 (Macintosh; Intel Mac OS X 10.11; rv:41.0) Gecko/20100101 Firefox/41.0"
121.42.0.80 - - [14/May/2016:03:03:02 +0800] "GET /cn/static/img/card_dog_two.png HTTP/1.1" 200 154597 "http://yxgames.cn/cn/static/img/card_dog_two.png" "Mozilla/5.0 (Macintosh; Intel Mac OS X 10.11; rv:41.0) Gecko/20100101 Firefox/41.0"
121.42.0.80 - - [14/May/2016:03:03:03 +0800] "GET /cn/static/img/card_dog.png HTTP/1.1" 200 181293 "http://yxgames.cn/cn/static/img/card_dog.png" "Mozilla/5.0 (Macintosh; Intel Mac OS X 10.11; rv:41.0) Gecko/20100101 Firefox/41.0"
163.177.69.37 - - [15/May/2016:00:12:16 +0800] "GET /cn HTTP/1.1" 301 184 "-" "Mozilla/5.0 (Linux; U; Android 4.4.2; zh-cn; GT-I9500 Build/KOT49H) AppleWebKit/537.36 (KHTML, like Gecko)Version/4.0 MQQBrowser/5.0 QQ-URL-Manager Mobile Safari/537.36"
163.177.69.37 - - [15/May/2016:00:12:16 +0800] "GET /cn/ HTTP/1.1" 200 5823 "-" "Mozilla/5.0 (Linux; U; Android 4.4.2; zh-cn; GT-I9500 Build/KOT49H) AppleWebKit/537.36 (KHTML, like Gecko)Version/4.0 MQQBrowser/5.0 QQ-URL-Manager Mobile Safari/537.36"
163.177.69.37 - - [15/May/2016:00:12:17 +0800] "GET /cn/static/js/header.js?v=102 HTTP/1.1" 200 221 "http://www.yxgames.cn/cn/static/js/header.js?v=102" "Mozilla/5.0 (Linux; U; Android 4.4.2; zh-cn; GT-I9500 Build/KOT49H) AppleWebKit/537.36 (KHTML, like Gecko)Version/4.0 MQQBrowser/5.0 QQ-URL-Manager Mobile Safari/537.36"
163.177.69.37 - - [15/May/2016:00:12:17 +0800] "GET /cn/static/js/bplayer.js HTTP/1.1" 200 1381 "http://www.yxgames.cn/cn/static/js/bplayer.js" "Mozilla/5.0 (Linux; U; Android 4.4.2; zh-cn; GT-I9500 Build/KOT49H) AppleWebKit/537.36 (KHTML, like Gecko)Version/4.0 MQQBrowser/5.0 QQ-URL-Manager Mobile Safari/537.36"
163.177.69.37 - - [15/May/2016:00:12:17 +0800] "GET /cn/static/js/jquery_2.1.3.js HTTP/1.1" 200 84320 "http://www.yxgames.cn/cn/static/js/jquery_2.1.3.js" "Mozilla/5.0 (Linux; U; Android 4.4.2; zh-cn; GT-I9500 Build/KOT49H) AppleWebKit/537.36 (KHTML, like Gecko)Version/4.0 MQQBrowser/5.0 QQ-URL-Manager Mobile Safari/537.36"
121.42.0.62 - - [15/May/2016:04:05:19 +0800] "GET / HTTP/1.1" 302 160 "-" "Mozilla/4.0 (compatible; MSIE 8.0; Trident/4.0; Windows NT 6.1; SLCC2 2.5.5231; .NET CLR 2.0.50727; .NET CLR 4.1.23457; .NET CLR 4.0.23457; Media Center PC 6.0; MS-WK 8)"
121.42.0.58 - - [15/May/2016:04:05:19 +0800] "GET / HTTP/1.1" 302 160 "-" "Mozilla/5.0 (iPhone; CPU iPhone OS 6_1_3 like Mac OS X) AppleWebKit/536.26 (KHTML, like Gecko) Version/6.0 Mobile/WK10171 Safari/8536.25"
121.42.0.62 - - [15/May/2016:04:05:19 +0800] "GET /cn/ HTTP/1.1" 200 2115 "-" "Mozilla/4.0 (compatible; MSIE 8.0; Trident/4.0; Windows NT 6.1; SLCC2 2.5.5231; .NET CLR 2.0.50727; .NET CLR 4.1.23457; .NET CLR 4.0.23457; Media Center PC 6.0; MS-WK 8)"
121.42.0.58 - - [15/May/2016:04:05:19 +0800] "GET /cn/ HTTP/1.1" 200 2115 "-" "Mozilla/5.0 (iPhone; CPU iPhone OS 6_1_3 like Mac OS X) AppleWebKit/536.26 (KHTML, like Gecko) Version/6.0 Mobile/WK10171 Safari/8536.25"
121.42.0.62 - - [15/May/2016:04:05:19 +0800] "GET /cn/static/css/on_index.css?v=102 HTTP/1.1" 200 632 "http://www.yxgames.cn/cn/" "Mozilla/4.0 (compatible; MSIE 8.0; Trident/4.0; Windows NT 6.1; SLCC2 2.5.5231; .NET CLR 2.0.50727; .NET CLR 4.1.23457; .NET CLR 4.0.23457; Media Center PC 6.0; MS-WK 8)"
121.42.0.62 - - [15/May/2016:04:05:19 +0800] "GET /cn/static/css/common-mobile.css?v=3 HTTP/1.1" 200 2449 "http://www.yxgames.cn/cn/" "Mozilla/4.0 (compatible; MSIE 8.0; Trident/4.0; Windows NT 6.1; SLCC2 2.5.5231; .NET CLR 2.0.50727; .NET CLR 4.1.23457; .NET CLR 4.0.23457; Media Center PC 6.0; MS-WK 8)"
121.42.0.62 - - [15/May/2016:04:05:19 +0800] "GET /cn/static/js/header.js?v=102 HTTP/1.1" 200 221 "http://www.yxgames.cn/cn/" "Mozilla/4.0 (compatible; MSIE 8.0; Trident/4.0; Windows NT 6.1; SLCC2 2.5.5231; .NET CLR 2.0.50727; .NET CLR 4.1.23457; .NET CLR 4.0.23457; Media Center PC 6.0; MS-WK 8)"
121.42.0.58 - - [15/May/2016:04:05:19 +0800] "GET /cn/static/css/on_index.css?v=102 HTTP/1.1" 200 632 "http://yxgames.cn/cn/" "Mozilla/5.0 (iPhone; CPU iPhone OS 6_1_3 like Mac OS X) AppleWebKit/536.26 (KHTML, like Gecko) Version/6.0 Mobile/WK10171 Safari/8536.25"
121.42.0.62 - - [15/May/2016:04:05:19 +0800] "GET /cn/static/js/bplayer.js HTTP/1.1" 200 1381 "http://www.yxgames.cn/cn/" "Mozilla/4.0 (compatible; MSIE 8.0; Trident/4.0; Windows NT 6.1; SLCC2 2.5.5231; .NET CLR 2.0.50727; .NET CLR 4.1.23457; .NET CLR 4.0.23457; Media Center PC 6.0; MS-WK 8)"
121.42.0.62 - - [15/May/2016:04:05:19 +0800] "GET /cn/static/img/xinxinran.png HTTP/1.1" 200 13497 "http://www.yxgames.cn/cn/" "Mozilla/4.0 (compatible; MSIE 8.0; Trident/4.0; Windows NT 6.1; SLCC2 2.5.5231; .NET CLR 2.0.50727; .NET CLR 4.1.23457; .NET CLR 4.0.23457; Media Center PC 6.0; MS-WK 8)"
121.42.0.58 - - [15/May/2016:04:05:19 +0800] "GET /cn/static/css/common-mobile.css?v=3 HTTP/1.1" 200 2449 "http://yxgames.cn/cn/" "Mozilla/5.0 (iPhone; CPU iPhone OS 6_1_3 like Mac OS X) AppleWebKit/536.26 (KHTML, like Gecko) Version/6.0 Mobile/WK10171 Safari/8536.25"
121.42.0.58 - - [15/May/2016:04:05:19 +0800] "GET /cn/static/js/header.js?v=102 HTTP/1.1" 200 221 "http://yxgames.cn/cn/" "Mozilla/5.0 (iPhone; CPU iPhone OS 6_1_3 like Mac OS X) AppleWebKit/536.26 (KHTML, like Gecko) Version/6.0 Mobile/WK10171 Safari/8536.25"
121.42.0.58 - - [15/May/2016:04:05:19 +0800] "GET /cn/static/js/bplayer.js HTTP/1.1" 200 1381 "http://yxgames.cn/cn/" "Mozilla/5.0 (iPhone; CPU iPhone OS 6_1_3 like Mac OS X) AppleWebKit/536.26 (KHTML, like Gecko) Version/6.0 Mobile/WK10171 Safari/8536.25"
121.42.0.62 - - [15/May/2016:04:05:19 +0800] "GET /cn/static/img/logo.png HTTP/1.1" 200 29740 "http://www.yxgames.cn/cn/" "Mozilla/4.0 (compatible; MSIE 8.0; Trident/4.0; Windows NT 6.1; SLCC2 2.5.5231; .NET CLR 2.0.50727; .NET CLR 4.1.23457; .NET CLR 4.0.23457; Media Center PC 6.0; MS-WK 8)"
121.42.0.62 - - [15/May/2016:04:05:19 +0800] "GET /cn/static/js/jquery_2.1.3.js HTTP/1.1" 200 84320 "http://www.yxgames.cn/cn/" "Mozilla/4.0 (compatible; MSIE 8.0; Trident/4.0; Windows NT 6.1; SLCC2 2.5.5231; .NET CLR 2.0.50727; .NET CLR 4.1.23457; .NET CLR 4.0.23457; Media Center PC 6.0; MS-WK 8)"
121.42.0.62 - - [15/May/2016:04:05:19 +0800] "GET /cn/static/img/oval_left.png HTTP/1.1" 200 3285 "http://www.yxgames.cn/cn/" "Mozilla/4.0 (compatible; MSIE 8.0; Trident/4.0; Windows NT 6.1; SLCC2 2.5.5231; .NET CLR 2.0.50727; .NET CLR 4.1.23457; .NET CLR 4.0.23457; Media Center PC 6.0; MS-WK 8)"
121.42.0.58 - - [15/May/2016:04:05:19 +0800] "GET /cn/static/img/xinxinran.png HTTP/1.1" 200 13497 "http://yxgames.cn/cn/" "Mozilla/5.0 (iPhone; CPU iPhone OS 6_1_3 like Mac OS X) AppleWebKit/536.26 (KHTML, like Gecko) Version/6.0 Mobile/WK10171 Safari/8536.25"
121.42.0.62 - - [15/May/2016:04:05:19 +0800] "GET /cn/static/img/oval_right.png HTTP/1.1" 200 3332 "http://www.yxgames.cn/cn/" "Mozilla/4.0 (compatible; MSIE 8.0; Trident/4.0; Windows NT 6.1; SLCC2 2.5.5231; .NET CLR 2.0.50727; .NET CLR 4.1.23457; .NET CLR 4.0.23457; Media Center PC 6.0; MS-WK 8)"
121.42.0.58 - - [15/May/2016:04:05:19 +0800] "GET /cn/static/img/oval_left.png HTTP/1.1" 200 3285 "http://yxgames.cn/cn/" "Mozilla/5.0 (iPhone; CPU iPhone OS 6_1_3 like Mac OS X) AppleWebKit/536.26 (KHTML, like Gecko) Version/6.0 Mobile/WK10171 Safari/8536.25"
121.42.0.58 - - [15/May/2016:04:05:19 +0800] "GET /cn/static/img/logo.png HTTP/1.1" 200 29740 "http://yxgames.cn/cn/" "Mozilla/5.0 (iPhone; CPU iPhone OS 6_1_3 like Mac OS X) AppleWebKit/536.26 (KHTML, like Gecko) Version/6.0 Mobile/WK10171 Safari/8536.25"
121.42.0.58 - - [15/May/2016:04:05:19 +0800] "GET /cn/static/js/jquery_2.1.3.js HTTP/1.1" 200 84320 "http://yxgames.cn/cn/" "Mozilla/5.0 (iPhone; CPU iPhone OS 6_1_3 like Mac OS X) AppleWebKit/536.26 (KHTML, like Gecko) Version/6.0 Mobile/WK10171 Safari/8536.25"
121.42.0.62 - - [15/May/2016:04:05:19 +0800] "GET /cn/static/img/dog-two.jpg HTTP/1.1" 200 97281 "http://www.yxgames.cn/cn/" "Mozilla/4.0 (compatible; MSIE 8.0; Trident/4.0; Windows NT 6.1; SLCC2 2.5.5231; .NET CLR 2.0.50727; .NET CLR 4.1.23457; .NET CLR 4.0.23457; Media Center PC 6.0; MS-WK 8)"
121.42.0.58 - - [15/May/2016:04:05:19 +0800] "GET /cn/static/img/oval_right.png HTTP/1.1" 200 3332 "http://yxgames.cn/cn/" "Mozilla/5.0 (iPhone; CPU iPhone OS 6_1_3 like Mac OS X) AppleWebKit/536.26 (KHTML, like Gecko) Version/6.0 Mobile/WK10171 Safari/8536.25"
121.42.0.62 - - [15/May/2016:04:05:19 +0800] "GET /cn/static/img/cat.jpg HTTP/1.1" 200 89646 "http://www.yxgames.cn/cn/" "Mozilla/4.0 (compatible; MSIE 8.0; Trident/4.0; Windows NT 6.1; SLCC2 2.5.5231; .NET CLR 2.0.50727; .NET CLR 4.1.23457; .NET CLR 4.0.23457; Media Center PC 6.0; MS-WK 8)"
121.42.0.58 - - [15/May/2016:04:05:19 +0800] "GET /cn/static/img/dog-two.jpg HTTP/1.1" 200 97281 "http://yxgames.cn/cn/" "Mozilla/5.0 (iPhone; CPU iPhone OS 6_1_3 like Mac OS X) AppleWebKit/536.26 (KHTML, like Gecko) Version/6.0 Mobile/WK10171 Safari/8536.25"
121.42.0.58 - - [15/May/2016:04:05:19 +0800] "GET /cn/static/img/cat.jpg HTTP/1.1" 200 89646 "http://yxgames.cn/cn/" "Mozilla/5.0 (iPhone; CPU iPhone OS 6_1_3 like Mac OS X) AppleWebKit/536.26 (KHTML, like Gecko) Version/6.0 Mobile/WK10171 Safari/8536.25"
121.42.0.62 - - [15/May/2016:04:05:20 +0800] "GET /cn/static/img/card_dog.png HTTP/1.1" 200 181293 "http://www.yxgames.cn/cn/" "Mozilla/4.0 (compatible; MSIE 8.0; Trident/4.0; Windows NT 6.1; SLCC2 2.5.5231; .NET CLR 2.0.50727; .NET CLR 4.1.23457; .NET CLR 4.0.23457; Media Center PC 6.0; MS-WK 8)"
121.42.0.62 - - [15/May/2016:04:05:20 +0800] "GET /cn/static/img/dog.jpg HTTP/1.1" 200 145841 "http://www.yxgames.cn/cn/" "Mozilla/4.0 (compatible; MSIE 8.0; Trident/4.0; Windows NT 6.1; SLCC2 2.5.5231; .NET CLR 2.0.50727; .NET CLR 4.1.23457; .NET CLR 4.0.23457; Media Center PC 6.0; MS-WK 8)"
121.42.0.62 - - [15/May/2016:04:05:20 +0800] "GET /cn/static/img/card_cat.png HTTP/1.1" 200 147849 "http://www.yxgames.cn/cn/" "Mozilla/4.0 (compatible; MSIE 8.0; Trident/4.0; Windows NT 6.1; SLCC2 2.5.5231; .NET CLR 2.0.50727; .NET CLR 4.1.23457; .NET CLR 4.0.23457; Media Center PC 6.0; MS-WK 8)"
121.42.0.62 - - [15/May/2016:04:05:21 +0800] "GET /cn/static/img/card_dog_two.png HTTP/1.1" 200 154597 "http://www.yxgames.cn/cn/" "Mozilla/4.0 (compatible; MSIE 8.0; Trident/4.0; Windows NT 6.1; SLCC2 2.5.5231; .NET CLR 2.0.50727; .NET CLR 4.1.23457; .NET CLR 4.0.23457; Media Center PC 6.0; MS-WK 8)"
121.42.0.58 - - [15/May/2016:04:05:21 +0800] "GET /cn/static/img/card_dog_two.png HTTP/1.1" 200 154597 "http://yxgames.cn/cn/" "Mozilla/5.0 (iPhone; CPU iPhone OS 6_1_3 like Mac OS X) AppleWebKit/536.26 (KHTML, like Gecko) Version/6.0 Mobile/WK10171 Safari/8536.25"
121.42.0.58 - - [15/May/2016:04:05:21 +0800] "GET /cn/static/img/dog.jpg HTTP/1.1" 200 145841 "http://yxgames.cn/cn/" "Mozilla/5.0 (iPhone; CPU iPhone OS 6_1_3 like Mac OS X) AppleWebKit/536.26 (KHTML, like Gecko) Version/6.0 Mobile/WK10171 Safari/8536.25"
121.42.0.58 - - [15/May/2016:04:05:21 +0800] "GET /cn/static/img/card_cat.png HTTP/1.1" 200 147849 "http://yxgames.cn/cn/" "Mozilla/5.0 (iPhone; CPU iPhone OS 6_1_3 like Mac OS X) AppleWebKit/536.26 (KHTML, like Gecko) Version/6.0 Mobile/WK10171 Safari/8536.25"
121.42.0.58 - - [15/May/2016:04:05:21 +0800] "GET /cn/static/img/card_dog.png HTTP/1.1" 200 181293 "http://yxgames.cn/cn/" "Mozilla/5.0 (iPhone; CPU iPhone OS 6_1_3 like Mac OS X) AppleWebKit/536.26 (KHTML, like Gecko) Version/6.0 Mobile/WK10171 Safari/8536.25"
121.42.0.58 - - [15/May/2016:04:05:21 +0800] "GET /cn/static/css/common.css?v=5 HTTP/1.1" 200 2488 "http://yxgames.cn/cn/" "Mozilla/5.0 (iPhone; CPU iPhone OS 6_1_3 like Mac OS X) AppleWebKit/536.26 (KHTML, like Gecko) Version/6.0 Mobile/WK10171 Safari/8536.25"
121.42.0.62 - - [15/May/2016:04:05:21 +0800] "GET /cn/static/css/common.css?v=5 HTTP/1.1" 200 2488 "http://www.yxgames.cn/cn/" "Mozilla/4.0 (compatible; MSIE 8.0; Trident/4.0; Windows NT 6.1; SLCC2 2.5.5231; .NET CLR 2.0.50727; .NET CLR 4.1.23457; .NET CLR 4.0.23457; Media Center PC 6.0; MS-WK 8)"
121.42.0.72 - - [15/May/2016:04:05:23 +0800] "GET /cn/static/img/xinxinran.png HTTP/1.1" 200 13497 "http://www.yxgames.cn/cn/static/img/xinxinran.png" "Mozilla/5.0 (Macintosh; Intel Mac OS X 10.11; rv:41.0) Gecko/20100101 Firefox/41.0"
121.42.0.72 - - [15/May/2016:04:05:23 +0800] "GET /cn/static/img/logo.png HTTP/1.1" 200 29740 "http://www.yxgames.cn/cn/static/img/logo.png" "Mozilla/5.0 (Macintosh; Intel Mac OS X 10.11; rv:41.0) Gecko/20100101 Firefox/41.0"
121.42.0.72 - - [15/May/2016:04:05:23 +0800] "GET /cn/static/img/dog-two.jpg HTTP/1.1" 200 97281 "http://www.yxgames.cn/cn/static/img/dog-two.jpg" "Mozilla/5.0 (Macintosh; Intel Mac OS X 10.11; rv:41.0) Gecko/20100101 Firefox/41.0"
121.42.0.72 - - [15/May/2016:04:05:23 +0800] "GET /cn/static/img/cat.jpg HTTP/1.1" 200 89646 "http://www.yxgames.cn/cn/static/img/cat.jpg" "Mozilla/5.0 (Macintosh; Intel Mac OS X 10.11; rv:41.0) Gecko/20100101 Firefox/41.0"
